// Jest Snapshot v1, https://goo.gl/fbAQLP

exports[`renders listing of products 1`] = `
<DocumentFragment>
  <div>
    Select Filter
    <button
      class="tag "
    >
      black
    </button>
    <button
      class="tag "
    >
      chocolate
    </button>
    <button
      class="tag "
    >
      milk
    </button>
    <button
      class="tag "
    >
      froth
    </button>
    <button
      class="tag "
    >
      water
    </button>
  </div>
</DocumentFragment>
`;
